
> payroll-klinik@0.1.0 build
> next build

Γû▓ Next.js 16.2.12 (Turbopack)
- Environments: .env.local

  Creating an optimized production build ...
Γ£ô Compiled successfully in 32.4s
  Running TypeScript ...
  Finished TypeScript in 32.9s ...
  Collecting page data using 3 workers ...
  Generating static pages using 3 workers (0/11) ...
  Generating static pages using 3 workers (2/11) 
  Generating static pages using 3 workers (5/11) 
  Generating static pages using 3 workers (8/11) 
Γ£ô Generating static pages using 3 workers (11/11) in 5.5s
  Finalizing page optimization ...

Route (app)                                                 Revalidate  Expire
Γöî ╞Æ /
Γö£ Γùï /_not-found
Γö£ ╞Æ /api/submit-form
Γö£ Γùï /artikel
Γö£ ΓùÅ /artikel/[slug]                                                 1m      1y
Γöé Γöö /artikel/panduan-pph-21-cara-hitung-pph-21-update-2026          1m      1y
Γö£ Γùï /kebijakan-privasi
Γö£ Γùï /robots.txt
Γö£ Γùï /sitemap.xml
Γöö Γùï /terima-kasih


Γùï  (Static)   prerendered as static content
ΓùÅ  (SSG)      prerendered as static HTML (uses generateStaticParams)
╞Æ  (Dynamic)  server-rendered on demand

